// Jest Snapshot v1, https://goo.gl/fbAQLP

exports[`Login component  component should match the snapshot 1`] = `
<Fragment>
  <div
    className="wrapper fadeInDown"
  >
    <div
      id="formContent"
    >
      <div
        className="fadeIn first"
      >
        <img
          alt="User Icon"
          id="icon"
          src="https://www.tsafindia.org/assets/images/signin.png"
        />
      </div>
      <form
        onSubmit={[MockFunction]}
      >
        <input
          className="form-control"
          name="username"
          onChange={[MockFunction]}
          placeholder="username"
          required="required"
          type="text"
          value=""
        />
        <input
          className="form-control"
          name="password"
          onChange={[MockFunction]}
          placeholder="Password"
          required="required"
          type="password"
          value=""
        />
        <input
          className="fadeIn fourth"
          type="submit"
          value="Log In"
        />
      </form>
      <div
        id="formFooter"
      >
        <a
          className="underlineHover"
          href="/"
        >
          Forgot Password?
        </a>
      </div>
    </div>
  </div>
</Fragment>
`;
